=== labels (prebuilt: models/v3_32b_fixed/labels.npz; debug trail not regenerated) ===
task        reads  dec%   cls%  ties   forked-blockers
swe_0       12188    29%     9%   507   0/4 with >=2 classes
swe_1       10532    36%    13%   832   1/4 with >=2 classes
swe_10       4253    54%    18%   393   0/4 with >=2 classes
swe_11      16258    12%     9%   336   2/3 with >=2 classes
swe_12      15030    44%    27%   705   1/3 with >=2 classes
swe_13      13920    26%     8%   275   2/3 with >=2 classes
swe_14       9141    38%     5%  1550   2/5 with >=2 classes
swe_15      13649    15%     2%    35   1/3 with >=2 classes
swe_16       4600    80%    16%   243   2/3 with >=2 classes
swe_17       9085    17%     8%    47   1/3 with >=2 classes
swe_18      12724    32%     7%  2133   1/2 with >=2 classes
swe_19      20124    21%     8%   515   3/5 with >=2 classes
swe_2       18393    45%     9%  1394   3/4 with >=2 classes
swe_20       3749    45%     2%    54   0/2 with >=2 classes
swe_21      26496     4%     2%    29   2/3 with >=2 classes
swe_22      18420    16%     3%   341   1/3 with >=2 classes
swe_23      16278    28%     6%  1037   3/4 with >=2 classes
swe_24      11885    28%     2%   348   1/3 with >=2 classes
swe_25      22929    17%     1%   136   1/3 with >=2 classes
swe_26      10447    11%     1%    78   1/2 with >=2 classes
swe_27      18896    20%     1%   564   3/3 with >=2 classes
swe_28       4747    21%     0%    61   0/1 with >=2 classes
swe_29      12667    14%     0%    61   0/1 with >=2 classes
swe_3        7907    44%    14%   693   4/4 with >=2 classes
swe_30      11577     4%     1%     0   2/3 with >=2 classes
swe_31       8430    22%     2%   167   1/2 with >=2 classes
swe_32      14602     5%     0%     6   0/2 with >=2 classes
swe_33      15962     8%     5%    25   0/3 with >=2 classes
swe_34       4939    61%     3%   115   1/3 with >=2 classes
swe_35       6697    13%     6%     3   1/1 with >=2 classes
swe_36       7941    20%    11%   664   2/3 with >=2 classes
swe_37      14578    24%     0%   213   2/3 with >=2 classes
swe_38       4316    39%     0%   391   1/2 with >=2 classes
swe_39      17181     2%     1%    56   2/3 with >=2 classes
swe_4       23383    15%     4%    74   2/2 with >=2 classes
swe_40       9147    45%     0%    89   0/0 with >=2 classes
swe_41      26273    15%     1%    42   1/3 with >=2 classes
swe_42      16540    15%     2%   758   2/5 with >=2 classes
swe_43      25148    12%     0%   206   0/4 with >=2 classes
swe_44      16543    14%     2%    10   1/2 with >=2 classes
swe_45       7588    38%     5%   288   0/5 with >=2 classes
swe_46      11950     4%     1%     9   0/2 with >=2 classes
swe_47      18599     9%     5%     8   1/3 with >=2 classes
swe_48      12671     4%     0%     6   0/0 with >=2 classes
swe_49      24371     7%     2%   124   0/3 with >=2 classes
swe_5        4862    49%     0%    26   0/1 with >=2 classes
swe_50       7789    14%     2%    71   1/3 with >=2 classes
swe_51      20048    23%     7%   258   1/3 with >=2 classes
swe_52      16050    19%     2%   126   1/4 with >=2 classes
swe_53      12381     3%     1%    15   0/2 with >=2 classes
swe_54      10334    45%    15%   287   0/3 with >=2 classes
swe_55      13199    35%     0%   129   0/2 with >=2 classes
swe_56       7366     7%     1%     0   1/1 with >=2 classes
swe_57       6855    14%     0%   102   1/2 with >=2 classes
swe_58       6253    10%     4%   198   0/2 with >=2 classes
swe_59      11475    38%    10%   579   0/4 with >=2 classes
swe_6       21623     2%     1%     2   1/3 with >=2 classes
swe_7        9337    15%     0%    57   0/1 with >=2 classes
swe_8        7009    45%     0%    43   1/1 with >=2 classes
swe_9       19946    14%     5%   218   2/4 with >=2 classes

OOD tasks: ['swe_0', 'swe_22', 'swe_36', 'swe_5'] | layer=3
reads: 154766 labeled | train 136017 | eval 8396 | ood 10353
real action-commit reads (gate7, decisions/017): 640/695 committed (run, decision) pairs matched to an ActionEvent; unmatched -> never-acted

=== A1 === held-out AUROC(s)=0.625 (n_pos=1796, n_neg=1013); s_ref=-32.573

=== A2 (loss -> a2_history.jsonl) ===
epoch 40 {"topic": 2.47351, "supcon": 11.02484, "recon": 3.55764, "lean": 2.02329, "adv": 1.82481, "condmean": 2.23562, "ortho": 0.20148, "total": 26.36043, "epoch": 40, "grl_lam": 0.2}
epoch 80 {"topic": 1.47617, "supcon": 9.78922, "recon": 3.0841, "lean": 0.23383, "adv": 3.02663, "condmean": 1.26363, "ortho": 0.02402, "total": 20.82054, "epoch": 80, "grl_lam": 0.4}
epoch 120 {"topic": 1.70087, "supcon": 10.07363, "recon": 3.01641, "lean": 0.16148, "adv": 3.93151, "condmean": 0.59607, "ortho": 0.01184, "total": 20.17473, "epoch": 120, "grl_lam": 0.6}
epoch 160 {"topic": 1.66852, "supcon": 10.08248, "recon": 2.99976, "lean": 0.10268, "adv": 4.09023, "condmean": 0.05522, "ortho": 0.01587, "total": 18.22942, "epoch": 160, "grl_lam": 0.8}
epoch 200 {"topic": 1.57076, "supcon": 10.0665, "recon": 2.98112, "lean": 0.08492, "adv": 4.11195, "condmean": 3.01419, "ortho": 0.01138, "total": 29.96209, "epoch": 200, "grl_lam": 1.0}
GRL treadmill: {"adversary_acc_on_T": 0.1372161895360316, "fresh_probe_acc_on_T": 0.003289473684210526, "chance": 0.034482758620689655, "treadmill_suspected": false}

=== A3 (eps x window sweep) ===
  eps=0.6 window=3: settle 53/1784 (3%), tau=0.694, benign ref=2.112 (8p), gate7 medK=nan

================================================================
A4 GATES -- held-out real data -- REPORT TO OWNER, DO NOT TUNE
(A3 best by settle-rate: eps=0.6, window=3)
================================================================

  gate1_topic_leakage: n_decisions=0  # INSUFFICIENT within-decision data (need decisions with >=2 classes, >=2 reads/class in held-out)
  gate2_decision_recovery: topic_from_T_acc=0.4156, chance=0.0101  # want acc high
  gate3_fork_collocation: n_same=0, n_diff=3967  # INSUFFICIENT PAIRS -- need held-out runs that commit to different classes on shared decisions; no theta produced
  gate5_lean_separation: n_decisions=0  # INSUFFICIENT DATA -- no held-out decision has >= 2 classes with >= 4 labeled reads
  (note) gate1 GLOBAL/confounded: {"class_from_T_acc": 0.21322803553800593, "chance": 0.034482758620689655, "eta2": 0.27768982569703604}
  (note) gate6_ood_transfer: SKIPPED (no OOD tasks or no theta)
  (note) gate7_lead_time: INSUFFICIENT forked decisions in eval

STOP -- owner reviews before any Part B result (decisions/011). Report -> models/v3_32b_fixed/gate_report.json
