[    0.8s] loading label arrays ...
[    0.9s] reads=787281 decisions=214 runs=1415
[    0.9s] scanning debug trail (compact: run/char/token_idx only) ...
[    4.3s] debug read records=787281
[    4.3s] token_idx alignment = 1.0000
[    4.5s] train=40000 test=9180 classes=110 chance=0.0091
[    4.5s] materializing text windows for selected rows only ...
[    4.7s] windows built for 49180 rows over 995 traces
[  295.5s]     masked 961 anchor strings; chars 37745428->34834283 (7.7% removed)
[  295.5s] (b) fitting TEXT model (word tfidf 1-2gram) ...
[  298.9s]     tfidf features=120000
[  401.2s] (b) TEXT tfidf prefix-only 400ch : acc=0.7300
[  401.2s] (a) streaming + projecting activations ...
[  421.8s]     h streamed 163840/787281
[  442.1s]     h streamed 327680/787281
[  462.3s]     h streamed 491520/787281
[  482.5s]     h streamed 655360/787281
[  516.0s] (a) ACTIV h->256d (JL)   : acc=0.2745

chance 0.0091 | TEXT 0.7300 | ACTIVATIONS 0.2745 | act/text 0.38x
gate2 as reported (A2 topic space T): 0.4102 vs 0.0101 chance
[  516.0s] wrote results json
